ewok@10:~/ensc351/work/myApps/quickStart$ cd

ewok@10:~$ ssh debian@192.168.7.2

debian@192.168.7.2's password: 

Linux beaglebone 4.9.78-ti-r94 #1 SMP PREEMPT Fri Jan 26 21:26:24 UTC 2018 armv7l



The programs included with the Debian GNU/Linux system are free software;

the exact distribution terms for each program are described in the

individual files in /usr/share/doc/*/copyright.



Debian GNU/Linux comes with ABSOLUTELY NO WARRANTY, to the extent

permitted by applicable law.

Last login: Tue May  8 06:09:02 2018 from 192.168.7.1

debian@beaglebone:~$ cat version

cat: version: No such file or directory

debian@beaglebone:~$ cat uptime

cat: uptime: No such file or directory

debian@beaglebone:~$ cd /proc

debian@beaglebone:/proc$ cat uptime

998.77 911.80

debian@beaglebone:/proc$ cat version

Linux version 4.9.78-ti-r94 (root@b2-am57xx-beagle-x15-2gb) (gcc version 6.3.0 20170516 (Debian 6.3.0-18) ) #1 SMP PREEMPT Fri Jan 26 21:26:24 UTC 2018

debian@beaglebone:/proc$ cat cputinfo

cat: cputinfo: No such file or directory

debian@beaglebone:/proc$ exit

logout

Connection to 192.168.7.2 closed.