danyal@debian:~$ ip -4 addr
1: lo: <LOOPBACK,UP,LOWER_UP> mtu 65536 qdisc noqueue state UNKNOWN group default qlen 1000
    inet 127.0.0.1/8 scope host lo
       valid_lft forever preferred_lft forever
2: ens33: <BROADCAST,MULTICAST,UP,LOWER_UP> mtu 1500 qdisc pfifo_fast state UP group default qlen 1000
    altname enp2s1
    inet 192.168.78.128/24 brd 192.168.78.255 scope global dynamic noprefixroute ens33
       valid_lft 1156sec preferred_lft 1156sec
11: enx98f07bfff9b8: <BROADCAST,MULTICAST,UP,LOWER_UP> mtu 1500 qdisc pfifo_fast state UNKNOWN group default qlen 1000
    inet 192.168.7.1/30 brd 192.168.7.3 scope global dynamic noprefixroute enx98f07bfff9b8
       valid_lft 80sec preferred_lft 80sec
12: enx98f07bfff9bb: <BROADCAST,MULTICAST,UP,LOWER_UP> mtu 1500 qdisc pfifo_fast state UP group default qlen 1000
    inet 192.168.6.1/30 brd 192.168.6.3 scope global dynamic noprefixroute enx98f07bfff9bb
       valid_lft 74sec preferred_lft 74sec
       

danyal@debian:~$ ping 192.168.7.2
PING 192.168.7.2 (192.168.7.2) 56(84) bytes of data.
64 bytes from 192.168.7.2: icmp_seq=1 ttl=64 time=2.59 ms
64 bytes from 192.168.7.2: icmp_seq=2 ttl=64 time=2.13 ms
64 bytes from 192.168.7.2: icmp_seq=3 ttl=64 time=4.55 ms
64 bytes from 192.168.7.2: icmp_seq=4 ttl=64 time=2.16 ms
^C
--- 192.168.7.2 ping statistics ---
4 packets transmitted, 4 received, 0% packet loss, time 3006ms
rtt min/avg/max/mdev = 2.127/2.855/4.545/0.992 ms

danyal@debian:~$ ssh debian@192.168.7.2
debian@192.168.7.2's password: 
Permission denied, please try again.
debian@192.168.7.2's password: 
Permission denied, please try again.
debian@192.168.7.2's password: 
Linux beaglebone 4.9.78-ti-r94 #1 SMP PREEMPT Fri Jan 26 21:26:24 UTC 2018 armv7l

The programs included with the Debian GNU/Linux system are free software;
the exact distribution terms for each program are described in the
individual files in /usr/share/doc/*/copyright.

Debian GNU/Linux comes with ABSOLUTELY NO WARRANTY, to the extent
permitted by applicable law.
Last login: Fri Sep 30 04:45:47 2022 from 192.168.7.1
debian@beaglebone:~$ ls
bin
debian@beaglebone:~$ cd ../
debian@beaglebone:/home$ cd ../proc/

debian@beaglebone:/proc$ cat version 
Linux version 4.9.78-ti-r94 (root@b2-am57xx-beagle-x15-2gb) (gcc version 6.3.0 20170516 (Debian 6.3.0-18) ) #1 SMP PREEMPT Fri Jan 26 21:26:24 UTC 2018
debian@beaglebone:/proc$ cat uptime
787.77 691.55
debian@beaglebone:/proc$ cat cpuinfo
processor	: 0
model name	: ARMv7 Processor rev 2 (v7l)
BogoMIPS	: 995.32
Features	: half thumb fastmult vfp edsp thumbee neon vfpv3 tls vfpd32 
CPU implementer	: 0x41
CPU architecture: 7
CPU variant	: 0x3
CPU part	: 0xc08
CPU revision	: 2

Hardware	: Generic AM33XX (Flattened Device Tree)
Revision	: 0000
Serial		: 0000000000000000
debian@beaglebone:/proc$ exit
logout
Connection to 192.168.7.2 closed.
danyal@debian:~$ 

